// Jest Snapshot v1, https://goo.gl/fbAQLP

exports[`components/pill-cloud/PillCloud should render pills 1`] = `
<div
  className="bdl-PillCloud pill-cloud-container"
>
  <Button
    className="bdl-Pill bdl-PillCloud-button pill pill-cloud-button"
    data-resin-target={1}
    isLoading={false}
    isResponsive={false}
    key="1"
    showIcon={true}
    showRadar={false}
    type="submit"
  >
    Hello
  </Button>
  <Button
    className="bdl-Pill bdl-PillCloud-button pill pill-cloud-button"
    data-resin-target={2}
    isLoading={false}
    isResponsive={false}
    key="2"
    showIcon={true}
    showRadar={false}
    type="submit"
  >
    There
  </Button>
  <Button
    className="bdl-Pill bdl-PillCloud-button pill pill-cloud-button"
    data-resin-target={3}
    isLoading={false}
    isResponsive={false}
    key="3"
    showIcon={true}
    showRadar={false}
    type="submit"
  >
    Sir
  </Button>
</div>
`;
